catalogue: C:\Users\Chintan Kamani\Desktop\TheVisionarys Ltd\TheVisionarysLtd_UK - Documents\The Visionarys Ltd Products\Websites\WJWP New Website-Fable\walljewels-site\assets\rolls\athenic-india\catalogue.pdf (18 pages)
index: 16 families
  page 3: 1-3-4-6  repeat 53 cm
  page 4: 2-5-7  repeat 64 cm
  page 5: 8-10-12-13  repeat 53 cm
  page 6: 9-11  repeat 64 cm
  page 7: 14-15-16-17  repeat 64 cm
  page 8: 18-19-20  repeat 64 cm
  page 9: 21-23-25-27  repeat 53 cm
  page 10: 22-24-26-28  repeat 64 cm
  page 11: 29-30-31-32  repeat 64 cm
  page 12: 33-34-35  repeat 64 cm
  page 13: 36-38-40-42  repeat 64 cm
  page 14: 37-39-41  repeat 64 cm
  page 15: 43-44-45-46  repeat 64 cm
  page 16: 47-49-50-51  repeat 53 cm
  page 17: 48-52-53  repeat 64 cm
  page 18: 54-55-56  repeat 53 cm
page  3 family 1-3-4-6      photos=8 tiles=4 labels=[] -> swatch labels partly unreadable; left-to-right ascending order used
page  4 family 2-5-7        photos=5 tiles=3 labels=[] -> swatch labels partly unreadable; left-to-right ascending order used
page  5 family 8-10-12-13   photos=7 tiles=4 labels=[10, 12, 13] -> swatch labels partly unreadable; left-to-right ascending order used
page  6 family 9-11         photos=3 tiles=2 labels=[11] -> swatch labels partly unreadable; left-to-right ascending order used
page  7 family 14-15-16-17  photos=7 tiles=4 labels=[14, 15, 16, 17] -> swatch tiles found by column split (band not a flat colour)
page  8 family 18-19-20     photos=5 tiles=3 labels=[18, 19, 20] -> ok
page  9 family 21-23-25-27  photos=7 tiles=4 labels=[21, 23, 25, 27] -> ok
page 10 family 22-24-26-28  photos=7 tiles=4 labels=[22, 24, 26, 28] -> ok
page 11 family 29-30-31-32  photos=7 tiles=4 labels=[29, 31, 32] -> swatch labels partly unreadable; left-to-right ascending order used
page 12 family 33-34-35     photos=5 tiles=3 labels=[33, 34, 35] -> ok
page 13 family 36-38-40-42  photos=7 tiles=4 labels=[36, 38, 40, 42] -> ok
page 14 family 37-39-41     photos=5 tiles=3 labels=[37, 39, 41] -> ok
page 15 family 43-44-45-46  photos=7 tiles=4 labels=[43, 44, 45, 46] -> ok
page 16 family 47-49-50-51  photos=7 tiles=4 labels=[47, 49, 50, 51] -> ok
page 17 family 48-52-53     photos=5 tiles=3 labels=[48, 52, 53] -> ok
page 18 family 54-55-56     photos=5 tiles=3 labels=[54, 55, 56] -> ok
56 designs extracted; flagged: []
