
== Plain (plain) ==
  11214        full 262x242  ->  web 262x242 9 KB  |  thumb 262x242 8 KB
  11214        detail.jpg -> detail-web.jpg 682x900 75 KB
  11215        full 260x242  ->  web 260x242 10 KB  |  thumb 260x242 8 KB
  11215        detail.jpg -> detail-web.jpg 682x900 75 KB
  11224        full 401x564  ->  web 401x564 33 KB  |  thumb 401x564 29 KB
  11224        detail.jpg -> detail-web.jpg 794x900 96 KB
  12105        full 452x348  ->  web 452x348 21 KB  |  thumb 452x348 18 KB
  12105        detail.jpg -> detail-web.jpg 763x900 95 KB
  12108        full 242x251  ->  web 242x251 8 KB  |  thumb 242x251 7 KB
  12108        detail.jpg -> detail-web.jpg 900x671 84 KB
  12109        full 242x251  ->  web 242x251 7 KB  |  thumb 242x251 6 KB
  12109        detail.jpg -> detail-web.jpg 900x671 84 KB
  12119        full 204x204  ->  web 204x204 5 KB  |  thumb 204x204 4 KB
  12119        detail.jpg -> detail-web.jpg 661x900 89 KB
  12120        full 205x204  ->  web 205x204 6 KB  |  thumb 205x204 5 KB
  12120        detail.jpg -> detail-web.jpg 661x900 89 KB
  14120        full 237x164  ->  web 237x164 7 KB  |  thumb 237x164 6 KB
  14120        detail.jpg -> detail-web.jpg 900x547 79 KB
  14132        full 237x164  ->  web 237x164 5 KB  |  thumb 237x164 5 KB
  14132        detail.jpg -> detail-web.jpg 900x547 79 KB
  14145        full 402x564  ->  web 402x564 23 KB  |  thumb 402x564 19 KB
  14145        detail.jpg -> detail-web.jpg 795x900 81 KB
  14154        full 235x240  ->  web 235x240 4 KB  |  thumb 235x240 3 KB
  14154        detail.jpg -> detail-web.jpg 900x877 119 KB
  14155        full 286x381  ->  web 286x381 8 KB  |  thumb 286x381 6 KB
  14155        detail.jpg -> detail-web.jpg 900x863 91 KB
  14156        full 235x240  ->  web 235x240 4 KB  |  thumb 235x240 3 KB
  14156        detail.jpg -> detail-web.jpg 900x877 119 KB
  14157        full 191x288  ->  web 191x288 5 KB  |  thumb 191x288 4 KB
  14157        detail.jpg -> detail-web.jpg 805x900 101 KB
  14158        full 288x381  ->  web 288x381 12 KB  |  thumb 288x381 10 KB
  14158        detail.jpg -> detail-web.jpg 900x863 91 KB
  277072       full 234x358  ->  web 234x358 6 KB  |  thumb 234x358 5 KB
  277072       detail.jpg -> detail-web.jpg 900x825 86 KB
  38961        full 414x427  ->  web 414x427 43 KB  |  thumb 414x427 40 KB
  38961        detail.jpg -> detail-web.jpg 899x900 104 KB
  462169       full 192x288  ->  web 192x288 6 KB  |  thumb 192x288 5 KB
  462169       detail.jpg -> detail-web.jpg 805x900 101 KB
  472199       full 234x358  ->  web 234x358 8 KB  |  thumb 234x358 7 KB
  472199       detail.jpg -> detail-web.jpg 900x825 86 KB
  472215       full 288x235  ->  web 288x235 7 KB  |  thumb 288x235 6 KB
  472215       detail.jpg -> detail-web.jpg 682x900 72 KB
  472220       full 383x350  ->  web 383x350 27 KB  |  thumb 383x350 25 KB
  472220       detail.jpg -> detail-web.jpg 772x900 82 KB
  512035       full 429x334  ->  web 429x334 12 KB  |  thumb 429x334 10 KB
  512035       detail.jpg -> detail-web.jpg 900x774 75 KB
  512051       full 288x229  ->  web 288x229 8 KB  |  thumb 288x229 7 KB
  512051       detail.jpg -> detail-web.jpg 682x900 72 KB
  512057       full 430x334  ->  web 430x334 14 KB  |  thumb 430x334 11 KB
  512057       detail.jpg -> detail-web.jpg 900x774 75 KB
  512058       full 384x350  ->  web 384x350 15 KB  |  thumb 384x350 12 KB
  512058       detail.jpg -> detail-web.jpg 772x900 82 KB
  51233        full 144x228  ->  web 144x228 3 KB  |  thumb 144x228 3 KB
  51233        detail.jpg -> detail-web.jpg 713x900 91 KB
  5312-2       full 441x556  ->  web 441x556 34 KB  |  thumb 441x556 30 KB
  5312-2       detail.jpg -> detail-web.jpg 900x795 85 KB
  5314-10      full 416x220  ->  web 416x220 15 KB  |  thumb 416x220 13 KB
  5314-10      detail.jpg -> detail-web.jpg 679x900 84 KB
  5314-11      full 415x220  ->  web 415x220 15 KB  |  thumb 415x220 13 KB
  5314-11      detail.jpg -> detail-web.jpg 679x900 84 KB
  5314-9       full 439x555  ->  web 439x555 31 KB  |  thumb 439x555 26 KB
  5314-9       detail.jpg -> detail-web.jpg 900x795 85 KB
  6025-4       full 391x411  ->  web 391x411 15 KB  |  thumb 391x411 13 KB
  6025-4       detail.jpg -> detail-web.jpg 873x900 87 KB
  6032-2       full 144x228  ->  web 144x228 3 KB  |  thumb 144x228 3 KB
  6032-2       detail.jpg -> detail-web.jpg 713x900 91 KB
  6116-1       full 232x308  ->  web 232x308 4 KB  |  thumb 232x308 3 KB
  6116-1       detail.jpg -> detail-web.jpg 883x900 124 KB
  6877-2       full 233x309  ->  web 233x309 8 KB  |  thumb 233x309 7 KB
  6877-2       detail.jpg -> detail-web.jpg 883x900 124 KB
  7172         full 414x427  ->  web 414x427 21 KB  |  thumb 414x427 18 KB
  7172         detail.jpg -> detail-web.jpg 899x900 104 KB
  7173         full 401x387  ->  web 401x387 17 KB  |  thumb 401x387 14 KB
  7173         detail.jpg -> detail-web.jpg 801x900 69 KB
  7176         full 401x387  ->  web 401x387 13 KB  |  thumb 401x387 11 KB
  7176         detail.jpg -> detail-web.jpg 801x900 69 KB

collection  pages  rendered  skipped  cover  designs  made  skipped  json
-------------------------------------------------------------------------
plain       0      0         0        -      38       38    0        0   

designs.json unchanged
no warnings
