catalogue: C:\Users\Chintan Kamani\Desktop\TheVisionarys Ltd\TheVisionarysLtd_UK - Documents\The Visionarys Ltd Products\Websites\WJWP New Website-Fable\walljewels-site\assets\rolls\plain\catalogue.pdf (22 pages); mapped pages: 21
page  2: swatches=1 room=[0, 104, 1190, 1263] designs=['14156', '14154'] 
page  3: swatches=1 room=[126, 0, 1064, 1063] designs=['11224'] 
page  4: swatches=2 room=[0, 6, 1190, 1219] designs=['6877/2', '6116/1'] 
page  5: swatches=2 room=[134, 0, 1056, 1164] designs=['51233', '6032/2'] 
page  6: swatches=2 room=[0, 29, 1190, 1052] designs=['512035', '512057'] 
page  7: swatches=2 room=[90, 0, 1100, 1135] designs=['7173', '7176'] 
page  8: swatches=2 room=[82, 0, 1108, 1027] designs=['7172', '38961'] 
page  9: swatches=2 room=[69, 0, 1121, 1395] designs=['5314/10', '5314/11'] 
page 10: swatches=2 room=[65, 0, 1125, 936] designs=['5312/2', '5314/9'] 
page 11: swatches=1 room=[53, 0, 1137, 1118] designs=['6025/4'] 
page 12: swatches=2 room=[206, 0, 984, 1027] designs=['472215', '512051'] 
page 13: swatches=2 room=[100, 0, 1090, 1154] designs=['472220', '512058'] 
page 14: swatches=1 room=[59, 0, 1131, 1264] designs=['12105'] 
page 15: swatches=2 room=[0, 354, 1190, 1077] designs=['14132', '14120'] 
page 16: swatches=2 room=[0, 42, 1190, 1133] designs=['277072', '472199'] 
page 17: swatches=2 room=[53, 0, 1137, 1212] designs=['14157', '462169'] 
page 18: swatches=2 room=[0, 46, 1189, 1186] designs=['14158', '14155'] 
page 19: swatches=2 room=[189, 0, 1001, 1106] designs=['12120', '12119'] 
page 20: swatches=1 room=[126, 0, 1064, 1062] designs=['14145'] 
page 21: swatches=2 room=[199, 0, 991, 1045] designs=['11215', '11214'] 
page 22: swatches=2 room=[0, 205, 1190, 1092] designs=['12108', '12109'] 
38 designs; flagged: ['11224', '6877/2', '6116/1', '14145']
merged into designs.json: 94 designs total
